18:04:15 Dedicated host created.
18:04:38 BattlEye Server: Initialized (v1.217)
18:04:38 Host identity created.
18:04:38 Game Port: 2302, Steam Query Port: 2303
Arma 3 Console version 1.80.143869 x86 : port 2302
18:04:38 Mission Exile.Esseker read from bank.
18:04:38 Roles assigned.
18:04:38 Reading mission ...
18:04:43 Mission read.
18:04:43 Successfull attempt to execute serverCommand '#exec users' by server.
18:04:43 Successfull attempt to execute serverCommand '#exec users' by server.
18:04:43 Successfull attempt to execute serverCommand '#lock' by server.
18:04:43 Successfull attempt to execute serverCommand '#kick 0' by server.
18:04:43 Successfull attempt to execute serverCommand '#kick 1' by server.
18:04:43 Successfull attempt to execute serverCommand '#kick 2' by server.
18:04:43 Successfull attempt to execute serverCommand '#kick 3' by server.
18:04:43 Successfull attempt to execute serverCommand '#kick 4' by server.
18:04:43 Successfull attempt to execute serverCommand '#kick 5' by server.
18:04:43 Successfull attempt to execute serverCommand '#kick 6' by server.
18:04:43 Successfull attempt to execute serverCommand '#kick 7' by server.
18:04:43 Successfull attempt to execute serverCommand '#kick 8' by server.
18:04:43 Successfull attempt to execute serverCommand '#kick 9' by server.
18:04:43 Successfull attempt to execute serverCommand '#kick 10' by server.
18:04:43 Successfull attempt to execute serverCommand '#kick 11' by server.
18:04:43 Successfull attempt to execute serverCommand '#kick 12' by server.
18:04:43 Successfull attempt to execute serverCommand '#kick 13' by server.
18:04:43 Successfull attempt to execute serverCommand '#kick 14' by server.
18:04:43 Successfull attempt to execute serverCommand '#kick 15' by server.
18:04:43 Successfull attempt to execute serverCommand '#kick 16' by server.
18:04:43 Successfull attempt to execute serverCommand '#kick 17' by server.
18:04:43 Successfull attempt to execute serverCommand '#kick 18' by server.
18:04:43 Successfull attempt to execute serverCommand '#kick 19' by server.
18:04:43 Successfull attempt to execute serverCommand '#kick 20' by server.
18:04:43 Successfull attempt to execute serverCommand '#kick 21' by server.
18:04:43 Successfull attempt to execute serverCommand '#kick 22' by server.
18:04:43 Successfull attempt to execute serverCommand '#kick 23' by server.
18:04:43 Successfull attempt to execute serverCommand '#kick 24' by server.
18:04:43 Successfull attempt to execute serverCommand '#kick 25' by server.
18:04:43 Successfull attempt to execute serverCommand '#kick 26' by server.
18:04:43 Successfull attempt to execute serverCommand '#kick 27' by server.
18:04:43 Successfull attempt to execute serverCommand '#kick 28' by server.
18:04:43 Successfull attempt to execute serverCommand '#kick 29' by server.
18:04:43 Successfull attempt to execute serverCommand '#kick 30' by server.
18:04:43 Successfull attempt to execute serverCommand '#kick 31' by server.
18:04:43 Successfull attempt to execute serverCommand '#kick 32' by server.
18:04:43 Successfull attempt to execute serverCommand '#kick 33' by server.
18:04:43 Successfull attempt to execute serverCommand '#kick 34' by server.
18:04:43 Successfull attempt to execute serverCommand '#kick 35' by server.
18:04:43 Successfull attempt to execute serverCommand '#kick 36' by server.
18:04:43 Successfull attempt to execute serverCommand '#kick 37' by server.
18:04:43 Successfull attempt to execute serverCommand '#kick 38' by server.
18:04:43 Successfull attempt to execute serverCommand '#kick 39' by server.
18:04:43 Successfull attempt to execute serverCommand '#kick 40' by server.
18:04:43 Successfull attempt to execute serverCommand '#kick 41' by server.
18:04:43 Successfull attempt to execute serverCommand '#kick 42' by server.
18:04:43 Successfull attempt to execute serverCommand '#kick 43' by server.
18:04:43 Successfull attempt to execute serverCommand '#kick 44' by server.
18:04:43 Successfull attempt to execute serverCommand '#kick 45' by server.
18:04:43 Successfull attempt to execute serverCommand '#kick 46' by server.
18:04:43 Successfull attempt to execute serverCommand '#kick 47' by server.
18:04:43 Successfull attempt to execute serverCommand '#kick 48' by server.
18:04:43 Successfull attempt to execute serverCommand '#kick 49' by server.
18:04:43 Successfull attempt to execute serverCommand '#kick 50' by server.
18:04:43 Successfull attempt to execute serverCommand '#kick 51' by server.
18:04:43 Successfull attempt to execute serverCommand '#kick 52' by server.
18:04:43 Successfull attempt to execute serverCommand '#kick 53' by server.
18:04:43 Successfull attempt to execute serverCommand '#kick 54' by server.
18:04:43 Successfull attempt to execute serverCommand '#kick 55' by server.
18:04:43 Successfull attempt to execute serverCommand '#kick 56' by server.
18:04:43 Successfull attempt to execute serverCommand '#kick 57' by server.
18:04:43 Successfull attempt to execute serverCommand '#kick 58' by server.
18:04:43 Successfull attempt to execute serverCommand '#kick 59' by server.
18:04:43 Successfull attempt to execute serverCommand '#kick 60' by server.
18:04:43 Successfull attempt to execute serverCommand '#kick 61' by server.
18:04:43 Successfull attempt to execute serverCommand '#kick 62' by server.
18:04:43 Successfull attempt to execute serverCommand '#kick 63' by server.
18:04:43 Successfull attempt to execute serverCommand '#kick 64' by server.
18:04:43 Successfull attempt to execute serverCommand '#kick 65' by server.
18:04:43 Successfull attempt to execute serverCommand '#kick 66' by server.
18:04:43 Successfull attempt to execute serverCommand '#kick 67' by server.
18:04:43 Successfull attempt to execute serverCommand '#kick 68' by server.
18:04:43 Successfull attempt to execute serverCommand '#kick 69' by server.
18:04:43 Successfull attempt to execute serverCommand '#kick 70' by server.
18:04:43 Successfull attempt to execute serverCommand '#kick 71' by server.
18:04:43 Successfull attempt to execute serverCommand '#kick 72' by server.
18:04:43 Successfull attempt to execute serverCommand '#kick 73' by server.
18:04:43 Successfull attempt to execute serverCommand '#kick 74' by server.
18:04:43 Successfull attempt to execute serverCommand '#kick 75' by server.
18:04:43 Successfull attempt to execute serverCommand '#kick 76' by server.
18:04:43 Successfull attempt to execute serverCommand '#kick 77' by server.
18:04:43 Successfull attempt to execute serverCommand '#kick 78' by server.
18:04:43 Successfull attempt to execute serverCommand '#kick 79' by server.
18:04:43 Successfull attempt to execute serverCommand '#kick 80' by server.
18:04:43 Successfull attempt to execute serverCommand '#kick 81' by server.
18:04:43 Successfull attempt to execute serverCommand '#kick 82' by server.
18:04:43 Successfull attempt to execute serverCommand '#kick 83' by server.
18:04:43 Successfull attempt to execute serverCommand '#kick 84' by server.
18:04:43 Successfull attempt to execute serverCommand '#kick 85' by server.
18:04:43 Successfull attempt to execute serverCommand '#kick 86' by server.
18:04:43 Successfull attempt to execute serverCommand '#kick 87' by server.
18:04:43 Successfull attempt to execute serverCommand '#kick 88' by server.
18:04:43 Successfull attempt to execute serverCommand '#kick 89' by server.
18:04:43 Successfull attempt to execute serverCommand '#kick 90' by server.
18:04:43 Successfull attempt to execute serverCommand '#kick 91' by server.
18:04:43 Successfull attempt to execute serverCommand '#kick 92' by server.
18:04:43 Successfull attempt to execute serverCommand '#kick 93' by server.
18:04:43 Successfull attempt to execute serverCommand '#kick 94' by server.
18:04:43 Successfull attempt to execute serverCommand '#kick 95' by server.
18:04:43 Successfull attempt to execute serverCommand '#kick 96' by server.
18:04:43 Successfull attempt to execute serverCommand '#kick 97' by server.
18:04:43 Successfull attempt to execute serverCommand '#kick 98' by server.
18:04:43 Successfull attempt to execute serverCommand '#kick 99' by server.
18:04:43 Game started.
18:04:45 Successfull attempt to execute serverCommand '#unlock' by server.
18:05:27 C4ll_me_Nomad uses modified data file
18:05:27 BattlEye Server: Player #0 C4ll_me_Nomad (80.143.53.252:2304) connected
18:05:27 Player C4ll_me_Nomad connecting.
18:05:27 BattlEye Server: Connected to BE Master
18:05:31 BattlEye Server: Player #0 C4ll_me_Nomad - BE GUID: 745608cbf3a100ddb9c5584c9cb45cd7
18:05:31 Player C4ll_me_Nomad connected (id=76561198060725525).
18:05:31 BattlEye Server: Verified GUID (745608cbf3a100ddb9c5584c9cb45cd7) of player #0 C4ll_me_Nomad
18:57:44 Player C4ll_me_Nomad is losing connection
18:58:01 Player C4ll_me_Nomad kicked off by BattlEye: Client not responding
18:58:01 Player C4ll_me_Nomad disconnected.
19:00:53 C4ll_me_Nomad uses modified data file
19:00:53 BattlEye Server: Player #0 C4ll_me_Nomad (80.143.53.252:2304) connected
19:00:53 Player C4ll_me_Nomad connecting.
19:00:55 BattlEye Server: Player #0 C4ll_me_Nomad - BE GUID: 745608cbf3a100ddb9c5584c9cb45cd7
19:00:55 Player C4ll_me_Nomad connected (id=76561198060725525).
19:00:55 BattlEye Server: Verified GUID (745608cbf3a100ddb9c5584c9cb45cd7) of player #0 C4ll_me_Nomad
19:44:43 Player C4ll_me_Nomad is losing connection
19:45:49 Player C4ll_me_Nomad kicked off by BattlEye: Client not responding
19:45:49 Player C4ll_me_Nomad disconnected.
19:54:16 C4ll_me_Nomad uses modified data file
19:54:16 BattlEye Server: Player #0 C4ll_me_Nomad (80.143.53.252:2304) connected
19:54:16 Player C4ll_me_Nomad connecting.
19:54:18 BattlEye Server: Player #0 C4ll_me_Nomad - BE GUID: 745608cbf3a100ddb9c5584c9cb45cd7
19:54:18 Player C4ll_me_Nomad connected (id=76561198060725525).
19:54:18 BattlEye Server: Verified GUID (745608cbf3a100ddb9c5584c9cb45cd7) of player #0 C4ll_me_Nomad
12:25:44 Dedicated host created.
12:26:06 BattlEye Server: Initialized (v1.217)
12:26:06 Host identity created.
12:26:06 Game Port: 2302, Steam Query Port: 2303
Arma 3 Console version 1.80.143869 x86 : port 2302
12:26:06 Mission Exile.Esseker read from bank.
12:26:07 Roles assigned.
12:26:07 Reading mission ...
12:26:11 Mission read.
12:26:12 Successfull attempt to execute serverCommand '#exec users' by server.
12:26:12 Successfull attempt to execute serverCommand '#exec users' by server.
12:26:12 Successfull attempt to execute serverCommand '#lock' by server.
12:26:12 Successfull attempt to execute serverCommand '#kick 0' by server.
12:26:12 Successfull attempt to execute serverCommand '#kick 1' by server.
12:26:12 Successfull attempt to execute serverCommand '#kick 2' by server.
12:26:12 Successfull attempt to execute serverCommand '#kick 3' by server.
12:26:12 Successfull attempt to execute serverCommand '#kick 4' by server.
12:26:12 Successfull attempt to execute serverCommand '#kick 5' by server.
12:26:12 Successfull attempt to execute serverCommand '#kick 6' by server.
12:26:12 Successfull attempt to execute serverCommand '#kick 7' by server.
12:26:12 Successfull attempt to execute serverCommand '#kick 8' by server.
12:26:12 Successfull attempt to execute serverCommand '#kick 9' by server.
12:26:12 Successfull attempt to execute serverCommand '#kick 10' by server.
12:26:12 Successfull attempt to execute serverCommand '#kick 11' by server.
12:26:12 Successfull attempt to execute serverCommand '#kick 12' by server.
12:26:12 Successfull attempt to execute serverCommand '#kick 13' by server.
12:26:12 Successfull attempt to execute serverCommand '#kick 14' by server.
12:26:12 Successfull attempt to execute serverCommand '#kick 15' by server.
12:26:12 Successfull attempt to execute serverCommand '#kick 16' by server.
12:26:12 Successfull attempt to execute serverCommand '#kick 17' by server.
12:26:12 Successfull attempt to execute serverCommand '#kick 18' by server.
12:26:12 Successfull attempt to execute serverCommand '#kick 19' by server.
12:26:12 Successfull attempt to execute serverCommand '#kick 20' by server.
12:26:12 Successfull attempt to execute serverCommand '#kick 21' by server.
12:26:12 Successfull attempt to execute serverCommand '#kick 22' by server.
12:26:12 Successfull attempt to execute serverCommand '#kick 23' by server.
12:26:12 Successfull attempt to execute serverCommand '#kick 24' by server.
12:26:12 Successfull attempt to execute serverCommand '#kick 25' by server.
12:26:12 Successfull attempt to execute serverCommand '#kick 26' by server.
12:26:12 Successfull attempt to execute serverCommand '#kick 27' by server.
12:26:12 Successfull attempt to execute serverCommand '#kick 28' by server.
12:26:12 Successfull attempt to execute serverCommand '#kick 29' by server.
12:26:12 Successfull attempt to execute serverCommand '#kick 30' by server.
12:26:12 Successfull attempt to execute serverCommand '#kick 31' by server.
12:26:12 Successfull attempt to execute serverCommand '#kick 32' by server.
12:26:12 Successfull attempt to execute serverCommand '#kick 33' by server.
12:26:12 Successfull attempt to execute serverCommand '#kick 34' by server.
12:26:12 Successfull attempt to execute serverCommand '#kick 35' by server.
12:26:12 Successfull attempt to execute serverCommand '#kick 36' by server.
12:26:12 Successfull attempt to execute serverCommand '#kick 37' by server.
12:26:12 Successfull attempt to execute serverCommand '#kick 38' by server.
12:26:12 Successfull attempt to execute serverCommand '#kick 39' by server.
12:26:12 Successfull attempt to execute serverCommand '#kick 40' by server.
12:26:12 Successfull attempt to execute serverCommand '#kick 41' by server.
12:26:12 Successfull attempt to execute serverCommand '#kick 42' by server.
12:26:12 Successfull attempt to execute serverCommand '#kick 43' by server.
12:26:12 Successfull attempt to execute serverCommand '#kick 44' by server.
12:26:12 Successfull attempt to execute serverCommand '#kick 45' by server.
12:26:12 Successfull attempt to execute serverCommand '#kick 46' by server.
12:26:12 Successfull attempt to execute serverCommand '#kick 47' by server.
12:26:12 Successfull attempt to execute serverCommand '#kick 48' by server.
12:26:12 Successfull attempt to execute serverCommand '#kick 49' by server.
12:26:12 Successfull attempt to execute serverCommand '#kick 50' by server.
12:26:12 Successfull attempt to execute serverCommand '#kick 51' by server.
12:26:12 Successfull attempt to execute serverCommand '#kick 52' by server.
12:26:12 Successfull attempt to execute serverCommand '#kick 53' by server.
12:26:12 Successfull attempt to execute serverCommand '#kick 54' by server.
12:26:12 Successfull attempt to execute serverCommand '#kick 55' by server.
12:26:12 Successfull attempt to execute serverCommand '#kick 56' by server.
12:26:12 Successfull attempt to execute serverCommand '#kick 57' by server.
12:26:12 Successfull attempt to execute serverCommand '#kick 58' by server.
12:26:12 Successfull attempt to execute serverCommand '#kick 59' by server.
12:26:12 Successfull attempt to execute serverCommand '#kick 60' by server.
12:26:12 Successfull attempt to execute serverCommand '#kick 61' by server.
12:26:12 Successfull attempt to execute serverCommand '#kick 62' by server.
12:26:12 Successfull attempt to execute serverCommand '#kick 63' by server.
12:26:12 Successfull attempt to execute serverCommand '#kick 64' by server.
12:26:12 Successfull attempt to execute serverCommand '#kick 65' by server.
12:26:12 Successfull attempt to execute serverCommand '#kick 66' by server.
12:26:12 Successfull attempt to execute serverCommand '#kick 67' by server.
12:26:12 Successfull attempt to execute serverCommand '#kick 68' by server.
12:26:12 Successfull attempt to execute serverCommand '#kick 69' by server.
12:26:12 Successfull attempt to execute serverCommand '#kick 70' by server.
12:26:12 Successfull attempt to execute serverCommand '#kick 71' by server.
12:26:12 Successfull attempt to execute serverCommand '#kick 72' by server.
12:26:12 Successfull attempt to execute serverCommand '#kick 73' by server.
12:26:12 Successfull attempt to execute serverCommand '#kick 74' by server.
12:26:12 Successfull attempt to execute serverCommand '#kick 75' by server.
12:26:12 Successfull attempt to execute serverCommand '#kick 76' by server.
12:26:12 Successfull attempt to execute serverCommand '#kick 77' by server.
12:26:12 Successfull attempt to execute serverCommand '#kick 78' by server.
12:26:12 Successfull attempt to execute serverCommand '#kick 79' by server.
12:26:12 Successfull attempt to execute serverCommand '#kick 80' by server.
12:26:12 Successfull attempt to execute serverCommand '#kick 81' by server.
12:26:12 Successfull attempt to execute serverCommand '#kick 82' by server.
12:26:12 Successfull attempt to execute serverCommand '#kick 83' by server.
12:26:12 Successfull attempt to execute serverCommand '#kick 84' by server.
12:26:12 Successfull attempt to execute serverCommand '#kick 85' by server.
12:26:12 Successfull attempt to execute serverCommand '#kick 86' by server.
12:26:12 Successfull attempt to execute serverCommand '#kick 87' by server.
12:26:12 Successfull attempt to execute serverCommand '#kick 88' by server.
12:26:12 Successfull attempt to execute serverCommand '#kick 89' by server.
12:26:12 Successfull attempt to execute serverCommand '#kick 90' by server.
12:26:12 Successfull attempt to execute serverCommand '#kick 91' by server.
12:26:12 Successfull attempt to execute serverCommand '#kick 92' by server.
12:26:12 Successfull attempt to execute serverCommand '#kick 93' by server.
12:26:12 Successfull attempt to execute serverCommand '#kick 94' by server.
12:26:12 Successfull attempt to execute serverCommand '#kick 95' by server.
12:26:12 Successfull attempt to execute serverCommand '#kick 96' by server.
12:26:12 Successfull attempt to execute serverCommand '#kick 97' by server.
12:26:12 Successfull attempt to execute serverCommand '#kick 98' by server.
12:26:12 Successfull attempt to execute serverCommand '#kick 99' by server.
12:26:12 Game started.
12:26:15 Successfull attempt to execute serverCommand '#unlock' by server.
12:34:12 C4ll_me_Nomad uses modified data file
12:34:12 BattlEye Server: Player #0 C4ll_me_Nomad (80.143.53.252:2304) connected
12:34:12 Player C4ll_me_Nomad connecting.
12:34:12 BattlEye Server: Connected to BE Master
12:34:14 BattlEye Server: Player #0 C4ll_me_Nomad - BE GUID: 745608cbf3a100ddb9c5584c9cb45cd7
12:34:14 Player C4ll_me_Nomad connected (id=76561198060725525).
12:34:14 BattlEye Server: Verified GUID (745608cbf3a100ddb9c5584c9cb45cd7) of player #0 C4ll_me_Nomad
13:24:28 Dedicated host created.
13:24:49 BattlEye Server: Initialized (v1.217)
13:24:49 Host identity created.
13:24:49 Game Port: 2302, Steam Query Port: 2303
Arma 3 Console version 1.80.143869 x86 : port 2302
13:24:49 Mission Exile.Esseker read from bank.
13:24:50 Roles assigned.
13:24:50 Reading mission ...
13:24:54 Mission read.
13:24:54 Successfull attempt to execute serverCommand '#exec users' by server.
13:24:54 Successfull attempt to execute serverCommand '#exec users' by server.
13:24:54 Successfull attempt to execute serverCommand '#lock' by server.
13:24:54 Successfull attempt to execute serverCommand '#kick 0' by server.
13:24:54 Successfull attempt to execute serverCommand '#kick 1' by server.
13:24:54 Successfull attempt to execute serverCommand '#kick 2' by server.
13:24:54 Successfull attempt to execute serverCommand '#kick 3' by server.
13:24:54 Successfull attempt to execute serverCommand '#kick 4' by server.
13:24:54 Successfull attempt to execute serverCommand '#kick 5' by server.
13:24:54 Successfull attempt to execute serverCommand '#kick 6' by server.
13:24:54 Successfull attempt to execute serverCommand '#kick 7' by server.
13:24:54 Successfull attempt to execute serverCommand '#kick 8' by server.
13:24:54 Successfull attempt to execute serverCommand '#kick 9' by server.
13:24:54 Successfull attempt to execute serverCommand '#kick 10' by server.
13:24:54 Successfull attempt to execute serverCommand '#kick 11' by server.
13:24:54 Successfull attempt to execute serverCommand '#kick 12' by server.
13:24:54 Successfull attempt to execute serverCommand '#kick 13' by server.
13:24:54 Successfull attempt to execute serverCommand '#kick 14' by server.
13:24:54 Successfull attempt to execute serverCommand '#kick 15' by server.
13:24:54 Successfull attempt to execute serverCommand '#kick 16' by server.
13:24:54 Successfull attempt to execute serverCommand '#kick 17' by server.
13:24:54 Successfull attempt to execute serverCommand '#kick 18' by server.
13:24:54 Successfull attempt to execute serverCommand '#kick 19' by server.
13:24:54 Successfull attempt to execute serverCommand '#kick 20' by server.
13:24:54 Successfull attempt to execute serverCommand '#kick 21' by server.
13:24:54 Successfull attempt to execute serverCommand '#kick 22' by server.
13:24:54 Successfull attempt to execute serverCommand '#kick 23' by server.
13:24:54 Successfull attempt to execute serverCommand '#kick 24' by server.
13:24:54 Successfull attempt to execute serverCommand '#kick 25' by server.
13:24:54 Successfull attempt to execute serverCommand '#kick 26' by server.
13:24:54 Successfull attempt to execute serverCommand '#kick 27' by server.
13:24:54 Successfull attempt to execute serverCommand '#kick 28' by server.
13:24:54 Successfull attempt to execute serverCommand '#kick 29' by server.
13:24:54 Successfull attempt to execute serverCommand '#kick 30' by server.
13:24:54 Successfull attempt to execute serverCommand '#kick 31' by server.
13:24:54 Successfull attempt to execute serverCommand '#kick 32' by server.
13:24:54 Successfull attempt to execute serverCommand '#kick 33' by server.
13:24:54 Successfull attempt to execute serverCommand '#kick 34' by server.
13:24:54 Successfull attempt to execute serverCommand '#kick 35' by server.
13:24:54 Successfull attempt to execute serverCommand '#kick 36' by server.
13:24:54 Successfull attempt to execute serverCommand '#kick 37' by server.
13:24:54 Successfull attempt to execute serverCommand '#kick 38' by server.
13:24:54 Successfull attempt to execute serverCommand '#kick 39' by server.
13:24:54 Successfull attempt to execute serverCommand '#kick 40' by server.
13:24:54 Successfull attempt to execute serverCommand '#kick 41' by server.
13:24:54 Successfull attempt to execute serverCommand '#kick 42' by server.
13:24:54 Successfull attempt to execute serverCommand '#kick 43' by server.
13:24:54 Successfull attempt to execute serverCommand '#kick 44' by server.
13:24:54 Successfull attempt to execute serverCommand '#kick 45' by server.
13:24:54 Successfull attempt to execute serverCommand '#kick 46' by server.
13:24:54 Successfull attempt to execute serverCommand '#kick 47' by server.
13:24:54 Successfull attempt to execute serverCommand '#kick 48' by server.
13:24:54 Successfull attempt to execute serverCommand '#kick 49' by server.
13:24:54 Successfull attempt to execute serverCommand '#kick 50' by server.
13:24:54 Successfull attempt to execute serverCommand '#kick 51' by server.
13:24:54 Successfull attempt to execute serverCommand '#kick 52' by server.
13:24:54 Successfull attempt to execute serverCommand '#kick 53' by server.
13:24:54 Successfull attempt to execute serverCommand '#kick 54' by server.
13:24:54 Successfull attempt to execute serverCommand '#kick 55' by server.
13:24:54 Successfull attempt to execute serverCommand '#kick 56' by server.
13:24:54 Successfull attempt to execute serverCommand '#kick 57' by server.
13:24:54 Successfull attempt to execute serverCommand '#kick 58' by server.
13:24:54 Successfull attempt to execute serverCommand '#kick 59' by server.
13:24:54 Successfull attempt to execute serverCommand '#kick 60' by server.
13:24:54 Successfull attempt to execute serverCommand '#kick 61' by server.
13:24:54 Successfull attempt to execute serverCommand '#kick 62' by server.
13:24:54 Successfull attempt to execute serverCommand '#kick 63' by server.
13:24:54 Successfull attempt to execute serverCommand '#kick 64' by server.
13:24:54 Successfull attempt to execute serverCommand '#kick 65' by server.
13:24:54 Successfull attempt to execute serverCommand '#kick 66' by server.
13:24:54 Successfull attempt to execute serverCommand '#kick 67' by server.
13:24:54 Successfull attempt to execute serverCommand '#kick 68' by server.
13:24:54 Successfull attempt to execute serverCommand '#kick 69' by server.
13:24:54 Successfull attempt to execute serverCommand '#kick 70' by server.
13:24:54 Successfull attempt to execute serverCommand '#kick 71' by server.
13:24:54 Successfull attempt to execute serverCommand '#kick 72' by server.
13:24:54 Successfull attempt to execute serverCommand '#kick 73' by server.
13:24:54 Successfull attempt to execute serverCommand '#kick 74' by server.
13:24:54 Successfull attempt to execute serverCommand '#kick 75' by server.
13:24:54 Successfull attempt to execute serverCommand '#kick 76' by server.
13:24:54 Successfull attempt to execute serverCommand '#kick 77' by server.
13:24:54 Successfull attempt to execute serverCommand '#kick 78' by server.
13:24:54 Successfull attempt to execute serverCommand '#kick 79' by server.
13:24:54 Successfull attempt to execute serverCommand '#kick 80' by server.
13:24:54 Successfull attempt to execute serverCommand '#kick 81' by server.
13:24:54 Successfull attempt to execute serverCommand '#kick 82' by server.
13:24:54 Successfull attempt to execute serverCommand '#kick 83' by server.
13:24:54 Successfull attempt to execute serverCommand '#kick 84' by server.
13:24:54 Successfull attempt to execute serverCommand '#kick 85' by server.
13:24:54 Successfull attempt to execute serverCommand '#kick 86' by server.
13:24:54 Successfull attempt to execute serverCommand '#kick 87' by server.
13:24:54 Successfull attempt to execute serverCommand '#kick 88' by server.
13:24:54 Successfull attempt to execute serverCommand '#kick 89' by server.
13:24:54 Successfull attempt to execute serverCommand '#kick 90' by server.
13:24:54 Successfull attempt to execute serverCommand '#kick 91' by server.
13:24:54 Successfull attempt to execute serverCommand '#kick 92' by server.
13:24:54 Successfull attempt to execute serverCommand '#kick 93' by server.
13:24:54 Successfull attempt to execute serverCommand '#kick 94' by server.
13:24:54 Successfull attempt to execute serverCommand '#kick 95' by server.
13:24:54 Successfull attempt to execute serverCommand '#kick 96' by server.
13:24:54 Successfull attempt to execute serverCommand '#kick 97' by server.
13:24:54 Successfull attempt to execute serverCommand '#kick 98' by server.
13:24:54 Successfull attempt to execute serverCommand '#kick 99' by server.
13:24:54 Game started.
13:24:56 Successfull attempt to execute serverCommand '#unlock' by server.
13:25:15 C4ll_me_Nomad uses modified data file
13:25:15 BattlEye Server: Player #0 C4ll_me_Nomad (80.143.53.252:2304) connected
13:25:15 Player C4ll_me_Nomad connecting.
13:25:16 BattlEye Server: Connected to BE Master
13:25:17 BattlEye Server: Player #0 C4ll_me_Nomad - BE GUID: 745608cbf3a100ddb9c5584c9cb45cd7
13:25:18 Player C4ll_me_Nomad connected (id=76561198060725525).
13:25:18 BattlEye Server: Verified GUID (745608cbf3a100ddb9c5584c9cb45cd7) of player #0 C4ll_me_Nomad
13:44:23 Dedicated host created.
13:44:46 BattlEye Server: Initialized (v1.217)
13:44:46 Host identity created.
13:44:46 Game Port: 2302, Steam Query Port: 2303
Arma 3 Console version 1.80.143869 x86 : port 2302
13:44:46 Mission Exile.Esseker read from bank.
13:44:46 Roles assigned.
13:44:46 Reading mission ...
13:44:50 Mission read.
13:44:50 Successfull attempt to execute serverCommand '#exec users' by server.
13:44:50 Successfull attempt to execute serverCommand '#exec users' by server.
13:44:50 Successfull attempt to execute serverCommand '#lock' by server.
13:44:50 Successfull attempt to execute serverCommand '#kick 0' by server.
13:44:50 Successfull attempt to execute serverCommand '#kick 1' by server.
13:44:50 Successfull attempt to execute serverCommand '#kick 2' by server.
13:44:50 Successfull attempt to execute serverCommand '#kick 3' by server.
13:44:50 Successfull attempt to execute serverCommand '#kick 4' by server.
13:44:50 Successfull attempt to execute serverCommand '#kick 5' by server.
13:44:50 Successfull attempt to execute serverCommand '#kick 6' by server.
13:44:50 Successfull attempt to execute serverCommand '#kick 7' by server.
13:44:50 Successfull attempt to execute serverCommand '#kick 8' by server.
13:44:50 Successfull attempt to execute serverCommand '#kick 9' by server.
13:44:50 Successfull attempt to execute serverCommand '#kick 10' by server.
13:44:50 Successfull attempt to execute serverCommand '#kick 11' by server.
13:44:50 Successfull attempt to execute serverCommand '#kick 12' by server.
13:44:50 Successfull attempt to execute serverCommand '#kick 13' by server.
13:44:50 Successfull attempt to execute serverCommand '#kick 14' by server.
13:44:50 Successfull attempt to execute serverCommand '#kick 15' by server.
13:44:50 Successfull attempt to execute serverCommand '#kick 16' by server.
13:44:50 Successfull attempt to execute serverCommand '#kick 17' by server.
13:44:50 Successfull attempt to execute serverCommand '#kick 18' by server.
13:44:50 Successfull attempt to execute serverCommand '#kick 19' by server.
13:44:50 Successfull attempt to execute serverCommand '#kick 20' by server.
13:44:50 Successfull attempt to execute serverCommand '#kick 21' by server.
13:44:50 Successfull attempt to execute serverCommand '#kick 22' by server.
13:44:50 Successfull attempt to execute serverCommand '#kick 23' by server.
13:44:50 Successfull attempt to execute serverCommand '#kick 24' by server.
13:44:50 Successfull attempt to execute serverCommand '#kick 25' by server.
13:44:50 Successfull attempt to execute serverCommand '#kick 26' by server.
13:44:50 Successfull attempt to execute serverCommand '#kick 27' by server.
13:44:50 Successfull attempt to execute serverCommand '#kick 28' by server.
13:44:50 Successfull attempt to execute serverCommand '#kick 29' by server.
13:44:50 Successfull attempt to execute serverCommand '#kick 30' by server.
13:44:50 Successfull attempt to execute serverCommand '#kick 31' by server.
13:44:50 Successfull attempt to execute serverCommand '#kick 32' by server.
13:44:50 Successfull attempt to execute serverCommand '#kick 33' by server.
13:44:50 Successfull attempt to execute serverCommand '#kick 34' by server.
13:44:50 Successfull attempt to execute serverCommand '#kick 35' by server.
13:44:50 Successfull attempt to execute serverCommand '#kick 36' by server.
13:44:50 Successfull attempt to execute serverCommand '#kick 37' by server.
13:44:50 Successfull attempt to execute serverCommand '#kick 38' by server.
13:44:50 Successfull attempt to execute serverCommand '#kick 39' by server.
13:44:50 Successfull attempt to execute serverCommand '#kick 40' by server.
13:44:50 Successfull attempt to execute serverCommand '#kick 41' by server.
13:44:50 Successfull attempt to execute serverCommand '#kick 42' by server.
13:44:50 Successfull attempt to execute serverCommand '#kick 43' by server.
13:44:50 Successfull attempt to execute serverCommand '#kick 44' by server.
13:44:50 Successfull attempt to execute serverCommand '#kick 45' by server.
13:44:50 Successfull attempt to execute serverCommand '#kick 46' by server.
13:44:50 Successfull attempt to execute serverCommand '#kick 47' by server.
13:44:50 Successfull attempt to execute serverCommand '#kick 48' by server.
13:44:50 Successfull attempt to execute serverCommand '#kick 49' by server.
13:44:50 Successfull attempt to execute serverCommand '#kick 50' by server.
13:44:50 Successfull attempt to execute serverCommand '#kick 51' by server.
13:44:50 Successfull attempt to execute serverCommand '#kick 52' by server.
13:44:50 Successfull attempt to execute serverCommand '#kick 53' by server.
13:44:50 Successfull attempt to execute serverCommand '#kick 54' by server.
13:44:50 Successfull attempt to execute serverCommand '#kick 55' by server.
13:44:50 Successfull attempt to execute serverCommand '#kick 56' by server.
13:44:50 Successfull attempt to execute serverCommand '#kick 57' by server.
13:44:50 Successfull attempt to execute serverCommand '#kick 58' by server.
13:44:50 Successfull attempt to execute serverCommand '#kick 59' by server.
13:44:50 Successfull attempt to execute serverCommand '#kick 60' by server.
13:44:50 Successfull attempt to execute serverCommand '#kick 61' by server.
13:44:50 Successfull attempt to execute serverCommand '#kick 62' by server.
13:44:50 Successfull attempt to execute serverCommand '#kick 63' by server.
13:44:50 Successfull attempt to execute serverCommand '#kick 64' by server.
13:44:50 Successfull attempt to execute serverCommand '#kick 65' by server.
13:44:50 Successfull attempt to execute serverCommand '#kick 66' by server.
13:44:50 Successfull attempt to execute serverCommand '#kick 67' by server.
13:44:50 Successfull attempt to execute serverCommand '#kick 68' by server.
13:44:50 Successfull attempt to execute serverCommand '#kick 69' by server.
13:44:50 Successfull attempt to execute serverCommand '#kick 70' by server.
13:44:50 Successfull attempt to execute serverCommand '#kick 71' by server.
13:44:50 Successfull attempt to execute serverCommand '#kick 72' by server.
13:44:50 Successfull attempt to execute serverCommand '#kick 73' by server.
13:44:50 Successfull attempt to execute serverCommand '#kick 74' by server.
13:44:50 Successfull attempt to execute serverCommand '#kick 75' by server.
13:44:50 Successfull attempt to execute serverCommand '#kick 76' by server.
13:44:50 Successfull attempt to execute serverCommand '#kick 77' by server.
13:44:50 Successfull attempt to execute serverCommand '#kick 78' by server.
13:44:50 Successfull attempt to execute serverCommand '#kick 79' by server.
13:44:50 Successfull attempt to execute serverCommand '#kick 80' by server.
13:44:50 Successfull attempt to execute serverCommand '#kick 81' by server.
13:44:50 Successfull attempt to execute serverCommand '#kick 82' by server.
13:44:50 Successfull attempt to execute serverCommand '#kick 83' by server.
13:44:50 Successfull attempt to execute serverCommand '#kick 84' by server.
13:44:50 Successfull attempt to execute serverCommand '#kick 85' by server.
13:44:50 Successfull attempt to execute serverCommand '#kick 86' by server.
13:44:50 Successfull attempt to execute serverCommand '#kick 87' by server.
13:44:50 Successfull attempt to execute serverCommand '#kick 88' by server.
13:44:50 Successfull attempt to execute serverCommand '#kick 89' by server.
13:44:50 Successfull attempt to execute serverCommand '#kick 90' by server.
13:44:50 Successfull attempt to execute serverCommand '#kick 91' by server.
13:44:50 Successfull attempt to execute serverCommand '#kick 92' by server.
13:44:50 Successfull attempt to execute serverCommand '#kick 93' by server.
13:44:50 Successfull attempt to execute serverCommand '#kick 94' by server.
13:44:50 Successfull attempt to execute serverCommand '#kick 95' by server.
13:44:50 Successfull attempt to execute serverCommand '#kick 96' by server.
13:44:50 Successfull attempt to execute serverCommand '#kick 97' by server.
13:44:50 Successfull attempt to execute serverCommand '#kick 98' by server.
13:44:50 Successfull attempt to execute serverCommand '#kick 99' by server.
13:44:50 Game started.
13:44:52 Successfull attempt to execute serverCommand '#unlock' by server.
13:46:34 C4ll_me_Nomad uses modified data file
13:46:34 BattlEye Server: Player #0 C4ll_me_Nomad (80.143.53.252:2304) connected
13:46:34 Player C4ll_me_Nomad connecting.
13:46:34 BattlEye Server: Connected to BE Master
13:46:36 BattlEye Server: Player #0 C4ll_me_Nomad - BE GUID: 745608cbf3a100ddb9c5584c9cb45cd7
13:46:36 Player C4ll_me_Nomad connected (id=76561198060725525).
13:46:36 BattlEye Server: Verified GUID (745608cbf3a100ddb9c5584c9cb45cd7) of player #0 C4ll_me_Nomad
13:52:29 Dedicated host created.
13:52:52 BattlEye Server: Initialized (v1.217)
13:52:52 Host identity created.
13:52:52 Game Port: 2302, Steam Query Port: 2303
Arma 3 Console version 1.80.143869 x86 : port 2302
13:52:52 Mission Exile.Esseker read from bank.
13:52:52 Roles assigned.
13:52:52 Reading mission ...
13:52:56 Mission read.
13:52:56 Successfull attempt to execute serverCommand '#exec users' by server.
13:52:56 Successfull attempt to execute serverCommand '#exec users' by server.
13:52:56 Successfull attempt to execute serverCommand '#lock' by server.
13:52:56 Successfull attempt to execute serverCommand '#kick 0' by server.
13:52:56 Successfull attempt to execute serverCommand '#kick 1' by server.
13:52:56 Successfull attempt to execute serverCommand '#kick 2' by server.
13:52:56 Successfull attempt to execute serverCommand '#kick 3' by server.
13:52:56 Successfull attempt to execute serverCommand '#kick 4' by server.
13:52:56 Successfull attempt to execute serverCommand '#kick 5' by server.
13:52:56 Successfull attempt to execute serverCommand '#kick 6' by server.
13:52:56 Successfull attempt to execute serverCommand '#kick 7' by server.
13:52:56 Successfull attempt to execute serverCommand '#kick 8' by server.
13:52:56 Successfull attempt to execute serverCommand '#kick 9' by server.
13:52:56 Successfull attempt to execute serverCommand '#kick 10' by server.
13:52:56 Successfull attempt to execute serverCommand '#kick 11' by server.
13:52:56 Successfull attempt to execute serverCommand '#kick 12' by server.
13:52:56 Successfull attempt to execute serverCommand '#kick 13' by server.
13:52:56 Successfull attempt to execute serverCommand '#kick 14' by server.
13:52:56 Successfull attempt to execute serverCommand '#kick 15' by server.
13:52:56 Successfull attempt to execute serverCommand '#kick 16' by server.
13:52:56 Successfull attempt to execute serverCommand '#kick 17' by server.
13:52:56 Successfull attempt to execute serverCommand '#kick 18' by server.
13:52:56 Successfull attempt to execute serverCommand '#kick 19' by server.
13:52:56 Successfull attempt to execute serverCommand '#kick 20' by server.
13:52:56 Successfull attempt to execute serverCommand '#kick 21' by server.
13:52:56 Successfull attempt to execute serverCommand '#kick 22' by server.
13:52:56 Successfull attempt to execute serverCommand '#kick 23' by server.
13:52:56 Successfull attempt to execute serverCommand '#kick 24' by server.
13:52:56 Successfull attempt to execute serverCommand '#kick 25' by server.
13:52:56 Successfull attempt to execute serverCommand '#kick 26' by server.
13:52:56 Successfull attempt to execute serverCommand '#kick 27' by server.
13:52:56 Successfull attempt to execute serverCommand '#kick 28' by server.
13:52:56 Successfull attempt to execute serverCommand '#kick 29' by server.
13:52:56 Successfull attempt to execute serverCommand '#kick 30' by server.
13:52:56 Successfull attempt to execute serverCommand '#kick 31' by server.
13:52:56 Successfull attempt to execute serverCommand '#kick 32' by server.
13:52:56 Successfull attempt to execute serverCommand '#kick 33' by server.
13:52:56 Successfull attempt to execute serverCommand '#kick 34' by server.
13:52:56 Successfull attempt to execute serverCommand '#kick 35' by server.
13:52:56 Successfull attempt to execute serverCommand '#kick 36' by server.
13:52:56 Successfull attempt to execute serverCommand '#kick 37' by server.
13:52:56 Successfull attempt to execute serverCommand '#kick 38' by server.
13:52:56 Successfull attempt to execute serverCommand '#kick 39' by server.
13:52:56 Successfull attempt to execute serverCommand '#kick 40' by server.
13:52:56 Successfull attempt to execute serverCommand '#kick 41' by server.
13:52:56 Successfull attempt to execute serverCommand '#kick 42' by server.
13:52:56 Successfull attempt to execute serverCommand '#kick 43' by server.
13:52:56 Successfull attempt to execute serverCommand '#kick 44' by server.
13:52:56 Successfull attempt to execute serverCommand '#kick 45' by server.
13:52:56 Successfull attempt to execute serverCommand '#kick 46' by server.
13:52:56 Successfull attempt to execute serverCommand '#kick 47' by server.
13:52:56 Successfull attempt to execute serverCommand '#kick 48' by server.
13:52:56 Successfull attempt to execute serverCommand '#kick 49' by server.
13:52:56 Successfull attempt to execute serverCommand '#kick 50' by server.
13:52:56 Successfull attempt to execute serverCommand '#kick 51' by server.
13:52:56 Successfull attempt to execute serverCommand '#kick 52' by server.
13:52:56 Successfull attempt to execute serverCommand '#kick 53' by server.
13:52:56 Successfull attempt to execute serverCommand '#kick 54' by server.
13:52:56 Successfull attempt to execute serverCommand '#kick 55' by server.
13:52:56 Successfull attempt to execute serverCommand '#kick 56' by server.
13:52:56 Successfull attempt to execute serverCommand '#kick 57' by server.
13:52:56 Successfull attempt to execute serverCommand '#kick 58' by server.
13:52:56 Successfull attempt to execute serverCommand '#kick 59' by server.
13:52:56 Successfull attempt to execute serverCommand '#kick 60' by server.
13:52:56 Successfull attempt to execute serverCommand '#kick 61' by server.
13:52:56 Successfull attempt to execute serverCommand '#kick 62' by server.
13:52:56 Successfull attempt to execute serverCommand '#kick 63' by server.
13:52:56 Successfull attempt to execute serverCommand '#kick 64' by server.
13:52:56 Successfull attempt to execute serverCommand '#kick 65' by server.
13:52:56 Successfull attempt to execute serverCommand '#kick 66' by server.
13:52:56 Successfull attempt to execute serverCommand '#kick 67' by server.
13:52:56 Successfull attempt to execute serverCommand '#kick 68' by server.
13:52:56 Successfull attempt to execute serverCommand '#kick 69' by server.
13:52:56 Successfull attempt to execute serverCommand '#kick 70' by server.
13:52:56 Successfull attempt to execute serverCommand '#kick 71' by server.
13:52:56 Successfull attempt to execute serverCommand '#kick 72' by server.
13:52:56 Successfull attempt to execute serverCommand '#kick 73' by server.
13:52:56 Successfull attempt to execute serverCommand '#kick 74' by server.
13:52:56 Successfull attempt to execute serverCommand '#kick 75' by server.
13:52:56 Successfull attempt to execute serverCommand '#kick 76' by server.
13:52:56 Successfull attempt to execute serverCommand '#kick 77' by server.
13:52:56 Successfull attempt to execute serverCommand '#kick 78' by server.
13:52:56 Successfull attempt to execute serverCommand '#kick 79' by server.
13:52:56 Successfull attempt to execute serverCommand '#kick 80' by server.
13:52:56 Successfull attempt to execute serverCommand '#kick 81' by server.
13:52:56 Successfull attempt to execute serverCommand '#kick 82' by server.
13:52:56 Successfull attempt to execute serverCommand '#kick 83' by server.
13:52:56 Successfull attempt to execute serverCommand '#kick 84' by server.
13:52:56 Successfull attempt to execute serverCommand '#kick 85' by server.
13:52:56 Successfull attempt to execute serverCommand '#kick 86' by server.
13:52:56 Successfull attempt to execute serverCommand '#kick 87' by server.
13:52:56 Successfull attempt to execute serverCommand '#kick 88' by server.
13:52:56 Successfull attempt to execute serverCommand '#kick 89' by server.
13:52:56 Successfull attempt to execute serverCommand '#kick 90' by server.
13:52:56 Successfull attempt to execute serverCommand '#kick 91' by server.
13:52:56 Successfull attempt to execute serverCommand '#kick 92' by server.
13:52:56 Successfull attempt to execute serverCommand '#kick 93' by server.
13:52:56 Successfull attempt to execute serverCommand '#kick 94' by server.
13:52:56 Successfull attempt to execute serverCommand '#kick 95' by server.
13:52:56 Successfull attempt to execute serverCommand '#kick 96' by server.
13:52:56 Successfull attempt to execute serverCommand '#kick 97' by server.
13:52:56 Successfull attempt to execute serverCommand '#kick 98' by server.
13:52:56 Successfull attempt to execute serverCommand '#kick 99' by server.
13:52:56 Game started.
13:52:58 Successfull attempt to execute serverCommand '#unlock' by server.
13:53:21 C4ll_me_Nomad uses modified data file
13:53:21 BattlEye Server: Player #0 C4ll_me_Nomad (80.143.53.252:2304) connected
13:53:21 Player C4ll_me_Nomad connecting.
13:53:21 BattlEye Server: Connected to BE Master
13:53:22 BattlEye Server: Player #0 C4ll_me_Nomad - BE GUID: 745608cbf3a100ddb9c5584c9cb45cd7
13:53:23 Player C4ll_me_Nomad connected (id=76561198060725525).
13:53:23 BattlEye Server: Verified GUID (745608cbf3a100ddb9c5584c9cb45cd7) of player #0 C4ll_me_Nomad
13:56:58 Player C4ll_me_Nomad disconnected.
13:56:58 BattlEye Server: Player #0 C4ll_me_Nomad disconnected
16:47:02 Successfull attempt to execute serverCommand '#lock' by server.
16:51:24 Successfull attempt to execute serverCommand '#lock' by server.
16:52:09 Successfull attempt to execute serverCommand '#shutdown' by server.
16:52:09 Successfull attempt to execute serverCommand '#unlock' by server.
16:52:13 
14:14:09 Dedicated host created.
14:14:31 BattlEye Server: Initialized (v1.217)
14:14:31 Host identity created.
14:14:31 Game Port: 2302, Steam Query Port: 2303
Arma 3 Console version 1.80.143869 x86 : port 2302
14:14:31 Mission Exile.Esseker read from bank.
14:14:32 Roles assigned.
14:14:32 Reading mission ...
14:14:36 Mission read.
14:14:36 Successfull attempt to execute serverCommand '#exec users' by server.
14:14:36 Successfull attempt to execute serverCommand '#exec users' by server.
14:14:36 Successfull attempt to execute serverCommand '#lock' by server.
14:14:36 Successfull attempt to execute serverCommand '#kick 0' by server.
14:14:36 Successfull attempt to execute serverCommand '#kick 1' by server.
14:14:36 Successfull attempt to execute serverCommand '#kick 2' by server.
14:14:36 Successfull attempt to execute serverCommand '#kick 3' by server.
14:14:36 Successfull attempt to execute serverCommand '#kick 4' by server.
14:14:36 Successfull attempt to execute serverCommand '#kick 5' by server.
14:14:36 Successfull attempt to execute serverCommand '#kick 6' by server.
14:14:36 Successfull attempt to execute serverCommand '#kick 7' by server.
14:14:36 Successfull attempt to execute serverCommand '#kick 8' by server.
14:14:36 Successfull attempt to execute serverCommand '#kick 9' by server.
14:14:36 Successfull attempt to execute serverCommand '#kick 10' by server.
14:14:36 Successfull attempt to execute serverCommand '#kick 11' by server.
14:14:36 Successfull attempt to execute serverCommand '#kick 12' by server.
14:14:36 Successfull attempt to execute serverCommand '#kick 13' by server.
14:14:36 Successfull attempt to execute serverCommand '#kick 14' by server.
14:14:36 Successfull attempt to execute serverCommand '#kick 15' by server.
14:14:36 Successfull attempt to execute serverCommand '#kick 16' by server.
14:14:36 Successfull attempt to execute serverCommand '#kick 17' by server.
14:14:36 Successfull attempt to execute serverCommand '#kick 18' by server.
14:14:36 Successfull attempt to execute serverCommand '#kick 19' by server.
14:14:36 Successfull attempt to execute serverCommand '#kick 20' by server.
14:14:36 Successfull attempt to execute serverCommand '#kick 21' by server.
14:14:36 Successfull attempt to execute serverCommand '#kick 22' by server.
14:14:36 Successfull attempt to execute serverCommand '#kick 23' by server.
14:14:36 Successfull attempt to execute serverCommand '#kick 24' by server.
14:14:36 Successfull attempt to execute serverCommand '#kick 25' by server.
14:14:36 Successfull attempt to execute serverCommand '#kick 26' by server.
14:14:36 Successfull attempt to execute serverCommand '#kick 27' by server.
14:14:36 Successfull attempt to execute serverCommand '#kick 28' by server.
14:14:36 Successfull attempt to execute serverCommand '#kick 29' by server.
14:14:36 Successfull attempt to execute serverCommand '#kick 30' by server.
14:14:36 Successfull attempt to execute serverCommand '#kick 31' by server.
14:14:36 Successfull attempt to execute serverCommand '#kick 32' by server.
14:14:36 Successfull attempt to execute serverCommand '#kick 33' by server.
14:14:36 Successfull attempt to execute serverCommand '#kick 34' by server.
14:14:36 Successfull attempt to execute serverCommand '#kick 35' by server.
14:14:36 Successfull attempt to execute serverCommand '#kick 36' by server.
14:14:36 Successfull attempt to execute serverCommand '#kick 37' by server.
14:14:36 Successfull attempt to execute serverCommand '#kick 38' by server.
14:14:36 Successfull attempt to execute serverCommand '#kick 39' by server.
14:14:36 Successfull attempt to execute serverCommand '#kick 40' by server.
14:14:36 Successfull attempt to execute serverCommand '#kick 41' by server.
14:14:36 Successfull attempt to execute serverCommand '#kick 42' by server.
14:14:36 Successfull attempt to execute serverCommand '#kick 43' by server.
14:14:36 Successfull attempt to execute serverCommand '#kick 44' by server.
14:14:36 Successfull attempt to execute serverCommand '#kick 45' by server.
14:14:36 Successfull attempt to execute serverCommand '#kick 46' by server.
14:14:36 Successfull attempt to execute serverCommand '#kick 47' by server.
14:14:36 Successfull attempt to execute serverCommand '#kick 48' by server.
14:14:36 Successfull attempt to execute serverCommand '#kick 49' by server.
14:14:36 Successfull attempt to execute serverCommand '#kick 50' by server.
14:14:36 Successfull attempt to execute serverCommand '#kick 51' by server.
14:14:36 Successfull attempt to execute serverCommand '#kick 52' by server.
14:14:36 Successfull attempt to execute serverCommand '#kick 53' by server.
14:14:36 Successfull attempt to execute serverCommand '#kick 54' by server.
14:14:36 Successfull attempt to execute serverCommand '#kick 55' by server.
14:14:36 Successfull attempt to execute serverCommand '#kick 56' by server.
14:14:36 Successfull attempt to execute serverCommand '#kick 57' by server.
14:14:36 Successfull attempt to execute serverCommand '#kick 58' by server.
14:14:36 Successfull attempt to execute serverCommand '#kick 59' by server.
14:14:36 Successfull attempt to execute serverCommand '#kick 60' by server.
14:14:36 Successfull attempt to execute serverCommand '#kick 61' by server.
14:14:36 Successfull attempt to execute serverCommand '#kick 62' by server.
14:14:36 Successfull attempt to execute serverCommand '#kick 63' by server.
14:14:36 Successfull attempt to execute serverCommand '#kick 64' by server.
14:14:36 Successfull attempt to execute serverCommand '#kick 65' by server.
14:14:36 Successfull attempt to execute serverCommand '#kick 66' by server.
14:14:36 Successfull attempt to execute serverCommand '#kick 67' by server.
14:14:36 Successfull attempt to execute serverCommand '#kick 68' by server.
14:14:36 Successfull attempt to execute serverCommand '#kick 69' by server.
14:14:36 Successfull attempt to execute serverCommand '#kick 70' by server.
14:14:36 Successfull attempt to execute serverCommand '#kick 71' by server.
14:14:36 Successfull attempt to execute serverCommand '#kick 72' by server.
14:14:36 Successfull attempt to execute serverCommand '#kick 73' by server.
14:14:36 Successfull attempt to execute serverCommand '#kick 74' by server.
14:14:36 Successfull attempt to execute serverCommand '#kick 75' by server.
14:14:36 Successfull attempt to execute serverCommand '#kick 76' by server.
14:14:36 Successfull attempt to execute serverCommand '#kick 77' by server.
14:14:36 Successfull attempt to execute serverCommand '#kick 78' by server.
14:14:36 Successfull attempt to execute serverCommand '#kick 79' by server.
14:14:36 Successfull attempt to execute serverCommand '#kick 80' by server.
14:14:36 Successfull attempt to execute serverCommand '#kick 81' by server.
14:14:36 Successfull attempt to execute serverCommand '#kick 82' by server.
14:14:36 Successfull attempt to execute serverCommand '#kick 83' by server.
14:14:36 Successfull attempt to execute serverCommand '#kick 84' by server.
14:14:36 Successfull attempt to execute serverCommand '#kick 85' by server.
14:14:36 Successfull attempt to execute serverCommand '#kick 86' by server.
14:14:36 Successfull attempt to execute serverCommand '#kick 87' by server.
14:14:36 Successfull attempt to execute serverCommand '#kick 88' by server.
14:14:36 Successfull attempt to execute serverCommand '#kick 89' by server.
14:14:36 Successfull attempt to execute serverCommand '#kick 90' by server.
14:14:36 Successfull attempt to execute serverCommand '#kick 91' by server.
14:14:36 Successfull attempt to execute serverCommand '#kick 92' by server.
14:14:36 Successfull attempt to execute serverCommand '#kick 93' by server.
14:14:36 Successfull attempt to execute serverCommand '#kick 94' by server.
14:14:36 Successfull attempt to execute serverCommand '#kick 95' by server.
14:14:36 Successfull attempt to execute serverCommand '#kick 96' by server.
14:14:36 Successfull attempt to execute serverCommand '#kick 97' by server.
14:14:36 Successfull attempt to execute serverCommand '#kick 98' by server.
14:14:36 Successfull attempt to execute serverCommand '#kick 99' by server.
14:14:36 Game started.
14:14:38 Successfull attempt to execute serverCommand '#unlock' by server.
14:16:45 C4ll_me_Nomad uses modified data file
14:16:45 BattlEye Server: Player #0 C4ll_me_Nomad (217.232.153.84:2304) connected
14:16:45 Player C4ll_me_Nomad connecting.
14:16:45 BattlEye Server: Connected to BE Master
14:16:47 BattlEye Server: Player #0 C4ll_me_Nomad - BE GUID: 745608cbf3a100ddb9c5584c9cb45cd7
14:16:48 Player C4ll_me_Nomad connected (id=76561198060725525).
14:16:48 BattlEye Server: Verified GUID (745608cbf3a100ddb9c5584c9cb45cd7) of player #0 C4ll_me_Nomad
14:43:57 Player C4ll_me_Nomad disconnected.
14:43:57 BattlEye Server: Player #0 C4ll_me_Nomad disconnected
14:58:12 Dedicated host created.
14:58:35 BattlEye Server: Initialized (v1.217)
14:58:35 Host identity created.
14:58:35 Game Port: 2302, Steam Query Port: 2303
Arma 3 Console version 1.80.143869 x86 : port 2302
14:58:35 Mission Exile.Esseker read from bank.
15:00:43 Dedicated host created.
15:01:05 BattlEye Server: Initialized (v1.217)
15:01:05 Host identity created.
15:01:05 Game Port: 2302, Steam Query Port: 2303
Arma 3 Console version 1.80.143869 x86 : port 2302
15:01:05 Mission Exile.Esseker read from bank.
15:02:21 Dedicated host created.
15:02:44 BattlEye Server: Initialized (v1.217)
15:02:44 Host identity created.
15:02:44 Game Port: 2302, Steam Query Port: 2303
Arma 3 Console version 1.80.143869 x86 : port 2302
15:02:44 Mission Exile.Esseker read from bank.
15:03:48 Dedicated host created.
15:04:10 BattlEye Server: Initialized (v1.217)
15:04:10 Host identity created.
15:04:10 Game Port: 2302, Steam Query Port: 2303
Arma 3 Console version 1.80.143869 x86 : port 2302
15:04:10 Mission Exile.Esseker read from bank.
15:04:10 Roles assigned.
15:04:10 Reading mission ...
15:04:15 Mission read.
15:04:15 Successfull attempt to execute serverCommand '#exec users' by server.
15:04:15 Successfull attempt to execute serverCommand '#exec users' by server.
15:04:15 Successfull attempt to execute serverCommand '#lock' by server.
15:04:15 Game started.
15:04:17 Successfull attempt to execute serverCommand '#unlock' by server.
15:06:02 Dedicated host created.
15:06:24 BattlEye Server: Initialized (v1.217)
15:06:24 Host identity created.
15:06:24 Game Port: 2302, Steam Query Port: 2303
Arma 3 Console version 1.80.143869 x86 : port 2302
15:06:24 Mission Exile.Esseker read from bank.
15:06:24 Roles assigned.
15:06:24 Reading mission ...
15:06:28 Mission read.
15:06:28 Successfull attempt to execute serverCommand '#exec users' by server.
15:06:28 Successfull attempt to execute serverCommand '#exec users' by server.
15:06:28 Successfull attempt to execute serverCommand '#lock' by server.
15:06:28 Game started.
15:06:30 Successfull attempt to execute serverCommand '#unlock' by server.
15:09:56 Dedicated host created.
15:10:18 BattlEye Server: Initialized (v1.217)
15:10:18 Host identity created.
15:10:18 Game Port: 2302, Steam Query Port: 2303
Arma 3 Console version 1.80.143869 x86 : port 2302
15:10:18 Mission Exile.Esseker read from bank.
15:14:21 Dedicated host created.
15:14:43 BattlEye Server: Initialized (v1.217)
15:14:43 Host identity created.
15:14:43 Game Port: 2302, Steam Query Port: 2303
Arma 3 Console version 1.80.143869 x86 : port 2302
15:14:43 Mission Exile.Esseker read from bank.
15:14:44 Roles assigned.
15:14:44 Reading mission ...
15:14:48 Mission read.
15:14:48 Successfull attempt to execute serverCommand '#exec users' by server.
15:14:48 Successfull attempt to execute serverCommand '#exec users' by server.
15:14:48 Successfull attempt to execute serverCommand '#lock' by server.
15:14:48 Successfull attempt to execute serverCommand '#kick 0' by server.
15:14:48 Successfull attempt to execute serverCommand '#kick 1' by server.
15:14:48 Successfull attempt to execute serverCommand '#kick 2' by server.
15:14:48 Successfull attempt to execute serverCommand '#kick 3' by server.
15:14:48 Successfull attempt to execute serverCommand '#kick 4' by server.
15:14:48 Successfull attempt to execute serverCommand '#kick 5' by server.
15:14:48 Successfull attempt to execute serverCommand '#kick 6' by server.
15:14:48 Successfull attempt to execute serverCommand '#kick 7' by server.
15:14:48 Successfull attempt to execute serverCommand '#kick 8' by server.
15:14:48 Successfull attempt to execute serverCommand '#kick 9' by server.
15:14:48 Successfull attempt to execute serverCommand '#kick 10' by server.
15:14:48 Successfull attempt to execute serverCommand '#kick 11' by server.
15:14:48 Successfull attempt to execute serverCommand '#kick 12' by server.
15:14:48 Successfull attempt to execute serverCommand '#kick 13' by server.
15:14:48 Successfull attempt to execute serverCommand '#kick 14' by server.
15:14:48 Successfull attempt to execute serverCommand '#kick 15' by server.
15:14:48 Successfull attempt to execute serverCommand '#kick 16' by server.
15:14:48 Successfull attempt to execute serverCommand '#kick 17' by server.
15:14:48 Successfull attempt to execute serverCommand '#kick 18' by server.
15:14:48 Successfull attempt to execute serverCommand '#kick 19' by server.
15:14:48 Successfull attempt to execute serverCommand '#kick 20' by server.
15:14:48 Successfull attempt to execute serverCommand '#kick 21' by server.
15:14:48 Successfull attempt to execute serverCommand '#kick 22' by server.
15:14:48 Successfull attempt to execute serverCommand '#kick 23' by server.
15:14:48 Successfull attempt to execute serverCommand '#kick 24' by server.
15:14:48 Successfull attempt to execute serverCommand '#kick 25' by server.
15:14:48 Successfull attempt to execute serverCommand '#kick 26' by server.
15:14:48 Successfull attempt to execute serverCommand '#kick 27' by server.
15:14:48 Successfull attempt to execute serverCommand '#kick 28' by server.
15:14:48 Successfull attempt to execute serverCommand '#kick 29' by server.
15:14:48 Successfull attempt to execute serverCommand '#kick 30' by server.
15:14:48 Successfull attempt to execute serverCommand '#kick 31' by server.
15:14:48 Successfull attempt to execute serverCommand '#kick 32' by server.
15:14:48 Successfull attempt to execute serverCommand '#kick 33' by server.
15:14:48 Successfull attempt to execute serverCommand '#kick 34' by server.
15:14:48 Successfull attempt to execute serverCommand '#kick 35' by server.
15:14:48 Successfull attempt to execute serverCommand '#kick 36' by server.
15:14:48 Successfull attempt to execute serverCommand '#kick 37' by server.
15:14:48 Successfull attempt to execute serverCommand '#kick 38' by server.
15:14:48 Successfull attempt to execute serverCommand '#kick 39' by server.
15:14:48 Successfull attempt to execute serverCommand '#kick 40' by server.
15:14:48 Successfull attempt to execute serverCommand '#kick 41' by server.
15:14:48 Successfull attempt to execute serverCommand '#kick 42' by server.
15:14:48 Successfull attempt to execute serverCommand '#kick 43' by server.
15:14:48 Successfull attempt to execute serverCommand '#kick 44' by server.
15:14:48 Successfull attempt to execute serverCommand '#kick 45' by server.
15:14:48 Successfull attempt to execute serverCommand '#kick 46' by server.
15:14:48 Successfull attempt to execute serverCommand '#kick 47' by server.
15:14:48 Successfull attempt to execute serverCommand '#kick 48' by server.
15:14:48 Successfull attempt to execute serverCommand '#kick 49' by server.
15:14:48 Successfull attempt to execute serverCommand '#kick 50' by server.
15:14:48 Successfull attempt to execute serverCommand '#kick 51' by server.
15:14:48 Successfull attempt to execute serverCommand '#kick 52' by server.
15:14:48 Successfull attempt to execute serverCommand '#kick 53' by server.
15:14:48 Successfull attempt to execute serverCommand '#kick 54' by server.
15:14:48 Successfull attempt to execute serverCommand '#kick 55' by server.
15:14:48 Successfull attempt to execute serverCommand '#kick 56' by server.
15:14:48 Successfull attempt to execute serverCommand '#kick 57' by server.
15:14:48 Successfull attempt to execute serverCommand '#kick 58' by server.
15:14:48 Successfull attempt to execute serverCommand '#kick 59' by server.
15:14:48 Successfull attempt to execute serverCommand '#kick 60' by server.
15:14:48 Successfull attempt to execute serverCommand '#kick 61' by server.
15:14:48 Successfull attempt to execute serverCommand '#kick 62' by server.
15:14:48 Successfull attempt to execute serverCommand '#kick 63' by server.
15:14:48 Successfull attempt to execute serverCommand '#kick 64' by server.
15:14:48 Successfull attempt to execute serverCommand '#kick 65' by server.
15:14:48 Successfull attempt to execute serverCommand '#kick 66' by server.
15:14:48 Successfull attempt to execute serverCommand '#kick 67' by server.
15:14:48 Successfull attempt to execute serverCommand '#kick 68' by server.
15:14:48 Successfull attempt to execute serverCommand '#kick 69' by server.
15:14:48 Successfull attempt to execute serverCommand '#kick 70' by server.
15:14:48 Successfull attempt to execute serverCommand '#kick 71' by server.
15:14:48 Successfull attempt to execute serverCommand '#kick 72' by server.
15:14:48 Successfull attempt to execute serverCommand '#kick 73' by server.
15:14:48 Successfull attempt to execute serverCommand '#kick 74' by server.
15:14:48 Successfull attempt to execute serverCommand '#kick 75' by server.
15:14:48 Successfull attempt to execute serverCommand '#kick 76' by server.
15:14:48 Successfull attempt to execute serverCommand '#kick 77' by server.
15:14:48 Successfull attempt to execute serverCommand '#kick 78' by server.
15:14:48 Successfull attempt to execute serverCommand '#kick 79' by server.
15:14:48 Successfull attempt to execute serverCommand '#kick 80' by server.
15:14:48 Successfull attempt to execute serverCommand '#kick 81' by server.
15:14:48 Successfull attempt to execute serverCommand '#kick 82' by server.
15:14:48 Successfull attempt to execute serverCommand '#kick 83' by server.
15:14:48 Successfull attempt to execute serverCommand '#kick 84' by server.
15:14:48 Successfull attempt to execute serverCommand '#kick 85' by server.
15:14:48 Successfull attempt to execute serverCommand '#kick 86' by server.
15:14:48 Successfull attempt to execute serverCommand '#kick 87' by server.
15:14:48 Successfull attempt to execute serverCommand '#kick 88' by server.
15:14:48 Successfull attempt to execute serverCommand '#kick 89' by server.
15:14:48 Successfull attempt to execute serverCommand '#kick 90' by server.
15:14:48 Successfull attempt to execute serverCommand '#kick 91' by server.
15:14:48 Successfull attempt to execute serverCommand '#kick 92' by server.
15:14:48 Successfull attempt to execute serverCommand '#kick 93' by server.
15:14:48 Successfull attempt to execute serverCommand '#kick 94' by server.
15:14:48 Successfull attempt to execute serverCommand '#kick 95' by server.
15:14:48 Successfull attempt to execute serverCommand '#kick 96' by server.
15:14:48 Successfull attempt to execute serverCommand '#kick 97' by server.
15:14:48 Successfull attempt to execute serverCommand '#kick 98' by server.
15:14:48 Successfull attempt to execute serverCommand '#kick 99' by server.
15:14:48 Game started.
15:14:50 Successfull attempt to execute serverCommand '#unlock' by server.
15:18:32 Dedicated host created.
15:18:55 BattlEye Server: Initialized (v1.217)
15:18:55 Host identity created.
15:18:55 Game Port: 2302, Steam Query Port: 2303
Arma 3 Console version 1.80.143869 x86 : port 2302
15:18:55 Mission Exile.Esseker read from bank.
15:20:01 Dedicated host created.
15:20:25 BattlEye Server: Initialized (v1.217)
15:20:25 Host identity created.
15:20:25 Game Port: 2302, Steam Query Port: 2303
Arma 3 Console version 1.80.143869 x86 : port 2302
15:20:25 Mission Exile.Esseker read from bank.
15:21:34 Dedicated host created.
15:21:57 BattlEye Server: Initialized (v1.217)
15:21:57 Host identity created.
15:21:57 Game Port: 2302, Steam Query Port: 2303
Arma 3 Console version 1.80.143869 x86 : port 2302
15:21:57 Mission Exile.Esseker read from bank.
15:21:58 Roles assigned.
15:21:58 Reading mission ...
15:22:02 Mission read.
15:22:02 Successfull attempt to execute serverCommand '#exec users' by server.
15:22:02 Successfull attempt to execute serverCommand '#exec users' by server.
15:22:02 Successfull attempt to execute serverCommand '#lock' by server.
15:22:02 Successfull attempt to execute serverCommand '#kick 0' by server.
15:22:02 Successfull attempt to execute serverCommand '#kick 1' by server.
15:22:02 Successfull attempt to execute serverCommand '#kick 2' by server.
15:22:02 Successfull attempt to execute serverCommand '#kick 3' by server.
15:22:02 Successfull attempt to execute serverCommand '#kick 4' by server.
15:22:02 Successfull attempt to execute serverCommand '#kick 5' by server.
15:22:02 Successfull attempt to execute serverCommand '#kick 6' by server.
15:22:02 Successfull attempt to execute serverCommand '#kick 7' by server.
15:22:02 Successfull attempt to execute serverCommand '#kick 8' by server.
15:22:02 Successfull attempt to execute serverCommand '#kick 9' by server.
15:22:02 Successfull attempt to execute serverCommand '#kick 10' by server.
15:22:02 Successfull attempt to execute serverCommand '#kick 11' by server.
15:22:02 Successfull attempt to execute serverCommand '#kick 12' by server.
15:22:02 Successfull attempt to execute serverCommand '#kick 13' by server.
15:22:02 Successfull attempt to execute serverCommand '#kick 14' by server.
15:22:02 Successfull attempt to execute serverCommand '#kick 15' by server.
15:22:02 Successfull attempt to execute serverCommand '#kick 16' by server.
15:22:02 Successfull attempt to execute serverCommand '#kick 17' by server.
15:22:02 Successfull attempt to execute serverCommand '#kick 18' by server.
15:22:02 Successfull attempt to execute serverCommand '#kick 19' by server.
15:22:02 Successfull attempt to execute serverCommand '#kick 20' by server.
15:22:02 Successfull attempt to execute serverCommand '#kick 21' by server.
15:22:02 Successfull attempt to execute serverCommand '#kick 22' by server.
15:22:02 Successfull attempt to execute serverCommand '#kick 23' by server.
15:22:02 Successfull attempt to execute serverCommand '#kick 24' by server.
15:22:02 Successfull attempt to execute serverCommand '#kick 25' by server.
15:22:02 Successfull attempt to execute serverCommand '#kick 26' by server.
15:22:02 Successfull attempt to execute serverCommand '#kick 27' by server.
15:22:02 Successfull attempt to execute serverCommand '#kick 28' by server.
15:22:02 Successfull attempt to execute serverCommand '#kick 29' by server.
15:22:02 Successfull attempt to execute serverCommand '#kick 30' by server.
15:22:02 Successfull attempt to execute serverCommand '#kick 31' by server.
15:22:02 Successfull attempt to execute serverCommand '#kick 32' by server.
15:22:02 Successfull attempt to execute serverCommand '#kick 33' by server.
15:22:02 Successfull attempt to execute serverCommand '#kick 34' by server.
15:22:02 Successfull attempt to execute serverCommand '#kick 35' by server.
15:22:02 Successfull attempt to execute serverCommand '#kick 36' by server.
15:22:02 Successfull attempt to execute serverCommand '#kick 37' by server.
15:22:02 Successfull attempt to execute serverCommand '#kick 38' by server.
15:22:02 Successfull attempt to execute serverCommand '#kick 39' by server.
15:22:02 Successfull attempt to execute serverCommand '#kick 40' by server.
15:22:02 Successfull attempt to execute serverCommand '#kick 41' by server.
15:22:02 Successfull attempt to execute serverCommand '#kick 42' by server.
15:22:02 Successfull attempt to execute serverCommand '#kick 43' by server.
15:22:02 Successfull attempt to execute serverCommand '#kick 44' by server.
15:22:02 Successfull attempt to execute serverCommand '#kick 45' by server.
15:22:02 Successfull attempt to execute serverCommand '#kick 46' by server.
15:22:02 Successfull attempt to execute serverCommand '#kick 47' by server.
15:22:02 Successfull attempt to execute serverCommand '#kick 48' by server.
15:22:02 Successfull attempt to execute serverCommand '#kick 49' by server.
15:22:02 Successfull attempt to execute serverCommand '#kick 50' by server.
15:22:02 Successfull attempt to execute serverCommand '#kick 51' by server.
15:22:02 Successfull attempt to execute serverCommand '#kick 52' by server.
15:22:02 Successfull attempt to execute serverCommand '#kick 53' by server.
15:22:02 Successfull attempt to execute serverCommand '#kick 54' by server.
15:22:02 Successfull attempt to execute serverCommand '#kick 55' by server.
15:22:02 Successfull attempt to execute serverCommand '#kick 56' by server.
15:22:02 Successfull attempt to execute serverCommand '#kick 57' by server.
15:22:02 Successfull attempt to execute serverCommand '#kick 58' by server.
15:22:02 Successfull attempt to execute serverCommand '#kick 59' by server.
15:22:02 Successfull attempt to execute serverCommand '#kick 60' by server.
15:22:02 Successfull attempt to execute serverCommand '#kick 61' by server.
15:22:02 Successfull attempt to execute serverCommand '#kick 62' by server.
15:22:02 Successfull attempt to execute serverCommand '#kick 63' by server.
15:22:02 Successfull attempt to execute serverCommand '#kick 64' by server.
15:22:02 Successfull attempt to execute serverCommand '#kick 65' by server.
15:22:02 Successfull attempt to execute serverCommand '#kick 66' by server.
15:22:02 Successfull attempt to execute serverCommand '#kick 67' by server.
15:22:02 Successfull attempt to execute serverCommand '#kick 68' by server.
15:22:02 Successfull attempt to execute serverCommand '#kick 69' by server.
15:22:02 Successfull attempt to execute serverCommand '#kick 70' by server.
15:22:02 Successfull attempt to execute serverCommand '#kick 71' by server.
15:22:02 Successfull attempt to execute serverCommand '#kick 72' by server.
15:22:02 Successfull attempt to execute serverCommand '#kick 73' by server.
15:22:02 Successfull attempt to execute serverCommand '#kick 74' by server.
15:22:02 Successfull attempt to execute serverCommand '#kick 75' by server.
15:22:02 Successfull attempt to execute serverCommand '#kick 76' by server.
15:22:02 Successfull attempt to execute serverCommand '#kick 77' by server.
15:22:02 Successfull attempt to execute serverCommand '#kick 78' by server.
15:22:02 Successfull attempt to execute serverCommand '#kick 79' by server.
15:22:02 Successfull attempt to execute serverCommand '#kick 80' by server.
15:22:02 Successfull attempt to execute serverCommand '#kick 81' by server.
15:22:02 Successfull attempt to execute serverCommand '#kick 82' by server.
15:22:02 Successfull attempt to execute serverCommand '#kick 83' by server.
15:22:02 Successfull attempt to execute serverCommand '#kick 84' by server.
15:22:02 Successfull attempt to execute serverCommand '#kick 85' by server.
15:22:02 Successfull attempt to execute serverCommand '#kick 86' by server.
15:22:02 Successfull attempt to execute serverCommand '#kick 87' by server.
15:22:02 Successfull attempt to execute serverCommand '#kick 88' by server.
15:22:02 Successfull attempt to execute serverCommand '#kick 89' by server.
15:22:02 Successfull attempt to execute serverCommand '#kick 90' by server.
15:22:02 Successfull attempt to execute serverCommand '#kick 91' by server.
15:22:02 Successfull attempt to execute serverCommand '#kick 92' by server.
15:22:02 Successfull attempt to execute serverCommand '#kick 93' by server.
15:22:02 Successfull attempt to execute serverCommand '#kick 94' by server.
15:22:02 Successfull attempt to execute serverCommand '#kick 95' by server.
15:22:02 Successfull attempt to execute serverCommand '#kick 96' by server.
15:22:02 Successfull attempt to execute serverCommand '#kick 97' by server.
15:22:02 Successfull attempt to execute serverCommand '#kick 98' by server.
15:22:02 Successfull attempt to execute serverCommand '#kick 99' by server.
15:22:02 Game started.
15:22:04 Successfull attempt to execute serverCommand '#unlock' by server.
15:22:28 C4ll_me_Nomad uses modified data file
15:22:28 BattlEye Server: Player #0 C4ll_me_Nomad (217.232.153.84:2304) connected
15:22:28 Player C4ll_me_Nomad connecting.
15:22:28 BattlEye Server: Connected to BE Master
15:22:30 BattlEye Server: Player #0 C4ll_me_Nomad - BE GUID: 745608cbf3a100ddb9c5584c9cb45cd7
15:22:30 Player C4ll_me_Nomad connected (id=76561198060725525).
15:22:30 BattlEye Server: Verified GUID (745608cbf3a100ddb9c5584c9cb45cd7) of player #0 C4ll_me_Nomad
15:25:28 Player C4ll_me_Nomad disconnected.
15:25:28 BattlEye Server: Player #0 C4ll_me_Nomad disconnected
18:16:13 Successfull attempt to execute serverCommand '#lock' by server.
18:20:23 Successfull attempt to execute serverCommand '#lock' by server.
18:21:20 Successfull attempt to execute serverCommand '#shutdown' by server.
18:21:20 Successfull attempt to execute serverCommand '#unlock' by server.
10:46:06 Dedicated host created.
10:46:28 BattlEye Server: Initialized (v1.217)
10:46:28 Host identity created.
10:46:28 Game Port: 2302, Steam Query Port: 2303
Arma 3 Console version 1.80.143869 x86 : port 2302
10:46:28 Mission Exile.Esseker read from bank.
10:46:29 Roles assigned.
10:46:29 Reading mission ...
10:46:33 Mission read.
10:46:33 Successfull attempt to execute serverCommand '#exec users' by server.
10:46:33 Successfull attempt to execute serverCommand '#exec users' by server.
10:46:33 Successfull attempt to execute serverCommand '#lock' by server.
10:46:33 Successfull attempt to execute serverCommand '#kick 0' by server.
10:46:33 Successfull attempt to execute serverCommand '#kick 1' by server.
10:46:33 Successfull attempt to execute serverCommand '#kick 2' by server.
10:46:33 Successfull attempt to execute serverCommand '#kick 3' by server.
10:46:33 Successfull attempt to execute serverCommand '#kick 4' by server.
10:46:33 Successfull attempt to execute serverCommand '#kick 5' by server.
10:46:33 Successfull attempt to execute serverCommand '#kick 6' by server.
10:46:33 Successfull attempt to execute serverCommand '#kick 7' by server.
10:46:33 Successfull attempt to execute serverCommand '#kick 8' by server.
10:46:33 Successfull attempt to execute serverCommand '#kick 9' by server.
10:46:33 Successfull attempt to execute serverCommand '#kick 10' by server.
10:46:33 Successfull attempt to execute serverCommand '#kick 11' by server.
10:46:33 Successfull attempt to execute serverCommand '#kick 12' by server.
10:46:33 Successfull attempt to execute serverCommand '#kick 13' by server.
10:46:33 Successfull attempt to execute serverCommand '#kick 14' by server.
10:46:33 Successfull attempt to execute serverCommand '#kick 15' by server.
10:46:33 Successfull attempt to execute serverCommand '#kick 16' by server.
10:46:33 Successfull attempt to execute serverCommand '#kick 17' by server.
10:46:33 Successfull attempt to execute serverCommand '#kick 18' by server.
10:46:33 Successfull attempt to execute serverCommand '#kick 19' by server.
10:46:33 Successfull attempt to execute serverCommand '#kick 20' by server.
10:46:33 Successfull attempt to execute serverCommand '#kick 21' by server.
10:46:33 Successfull attempt to execute serverCommand '#kick 22' by server.
10:46:33 Successfull attempt to execute serverCommand '#kick 23' by server.
10:46:33 Successfull attempt to execute serverCommand '#kick 24' by server.
10:46:33 Successfull attempt to execute serverCommand '#kick 25' by server.
10:46:33 Successfull attempt to execute serverCommand '#kick 26' by server.
10:46:33 Successfull attempt to execute serverCommand '#kick 27' by server.
10:46:33 Successfull attempt to execute serverCommand '#kick 28' by server.
10:46:33 Successfull attempt to execute serverCommand '#kick 29' by server.
10:46:33 Successfull attempt to execute serverCommand '#kick 30' by server.
10:46:33 Successfull attempt to execute serverCommand '#kick 31' by server.
10:46:33 Successfull attempt to execute serverCommand '#kick 32' by server.
10:46:33 Successfull attempt to execute serverCommand '#kick 33' by server.
10:46:33 Successfull attempt to execute serverCommand '#kick 34' by server.
10:46:33 Successfull attempt to execute serverCommand '#kick 35' by server.
10:46:33 Successfull attempt to execute serverCommand '#kick 36' by server.
10:46:33 Successfull attempt to execute serverCommand '#kick 37' by server.
10:46:33 Successfull attempt to execute serverCommand '#kick 38' by server.
10:46:33 Successfull attempt to execute serverCommand '#kick 39' by server.
10:46:33 Successfull attempt to execute serverCommand '#kick 40' by server.
10:46:33 Successfull attempt to execute serverCommand '#kick 41' by server.
10:46:33 Successfull attempt to execute serverCommand '#kick 42' by server.
10:46:33 Successfull attempt to execute serverCommand '#kick 43' by server.
10:46:33 Successfull attempt to execute serverCommand '#kick 44' by server.
10:46:33 Successfull attempt to execute serverCommand '#kick 45' by server.
10:46:33 Successfull attempt to execute serverCommand '#kick 46' by server.
10:46:33 Successfull attempt to execute serverCommand '#kick 47' by server.
10:46:33 Successfull attempt to execute serverCommand '#kick 48' by server.
10:46:33 Successfull attempt to execute serverCommand '#kick 49' by server.
10:46:33 Successfull attempt to execute serverCommand '#kick 50' by server.
10:46:33 Successfull attempt to execute serverCommand '#kick 51' by server.
10:46:33 Successfull attempt to execute serverCommand '#kick 52' by server.
10:46:33 Successfull attempt to execute serverCommand '#kick 53' by server.
10:46:33 Successfull attempt to execute serverCommand '#kick 54' by server.
10:46:33 Successfull attempt to execute serverCommand '#kick 55' by server.
10:46:33 Successfull attempt to execute serverCommand '#kick 56' by server.
10:46:33 Successfull attempt to execute serverCommand '#kick 57' by server.
10:46:33 Successfull attempt to execute serverCommand '#kick 58' by server.
10:46:33 Successfull attempt to execute serverCommand '#kick 59' by server.
10:46:33 Successfull attempt to execute serverCommand '#kick 60' by server.
10:46:33 Successfull attempt to execute serverCommand '#kick 61' by server.
10:46:33 Successfull attempt to execute serverCommand '#kick 62' by server.
10:46:33 Successfull attempt to execute serverCommand '#kick 63' by server.
10:46:33 Successfull attempt to execute serverCommand '#kick 64' by server.
10:46:33 Successfull attempt to execute serverCommand '#kick 65' by server.
10:46:33 Successfull attempt to execute serverCommand '#kick 66' by server.
10:46:33 Successfull attempt to execute serverCommand '#kick 67' by server.
10:46:33 Successfull attempt to execute serverCommand '#kick 68' by server.
10:46:33 Successfull attempt to execute serverCommand '#kick 69' by server.
10:46:33 Successfull attempt to execute serverCommand '#kick 70' by server.
10:46:33 Successfull attempt to execute serverCommand '#kick 71' by server.
10:46:33 Successfull attempt to execute serverCommand '#kick 72' by server.
10:46:33 Successfull attempt to execute serverCommand '#kick 73' by server.
10:46:33 Successfull attempt to execute serverCommand '#kick 74' by server.
10:46:33 Successfull attempt to execute serverCommand '#kick 75' by server.
10:46:33 Successfull attempt to execute serverCommand '#kick 76' by server.
10:46:33 Successfull attempt to execute serverCommand '#kick 77' by server.
10:46:33 Successfull attempt to execute serverCommand '#kick 78' by server.
10:46:33 Successfull attempt to execute serverCommand '#kick 79' by server.
10:46:33 Successfull attempt to execute serverCommand '#kick 80' by server.
10:46:33 Successfull attempt to execute serverCommand '#kick 81' by server.
10:46:33 Successfull attempt to execute serverCommand '#kick 82' by server.
10:46:33 Successfull attempt to execute serverCommand '#kick 83' by server.
10:46:33 Successfull attempt to execute serverCommand '#kick 84' by server.
10:46:33 Successfull attempt to execute serverCommand '#kick 85' by server.
10:46:33 Successfull attempt to execute serverCommand '#kick 86' by server.
10:46:33 Successfull attempt to execute serverCommand '#kick 87' by server.
10:46:33 Successfull attempt to execute serverCommand '#kick 88' by server.
10:46:33 Successfull attempt to execute serverCommand '#kick 89' by server.
10:46:33 Successfull attempt to execute serverCommand '#kick 90' by server.
10:46:33 Successfull attempt to execute serverCommand '#kick 91' by server.
10:46:33 Successfull attempt to execute serverCommand '#kick 92' by server.
10:46:33 Successfull attempt to execute serverCommand '#kick 93' by server.
10:46:33 Successfull attempt to execute serverCommand '#kick 94' by server.
10:46:33 Successfull attempt to execute serverCommand '#kick 95' by server.
10:46:33 Successfull attempt to execute serverCommand '#kick 96' by server.
10:46:33 Successfull attempt to execute serverCommand '#kick 97' by server.
10:46:33 Successfull attempt to execute serverCommand '#kick 98' by server.
10:46:33 Successfull attempt to execute serverCommand '#kick 99' by server.
10:46:33 Game started.
10:46:35 Successfull attempt to execute serverCommand '#unlock' by server.
10:49:40 C4ll_me_Nomad uses modified data file
10:49:40 BattlEye Server: Player #0 C4ll_me_Nomad (217.232.153.84:2304) connected
10:49:40 Player C4ll_me_Nomad connecting.
10:49:40 BattlEye Server: Connected to BE Master
10:49:42 BattlEye Server: Player #0 C4ll_me_Nomad - BE GUID: 745608cbf3a100ddb9c5584c9cb45cd7
10:49:43 Player C4ll_me_Nomad connected (id=76561198060725525).
10:49:43 BattlEye Server: Verified GUID (745608cbf3a100ddb9c5584c9cb45cd7) of player #0 C4ll_me_Nomad
11:04:25 Dedicated host created.
11:04:47 BattlEye Server: Initialized (v1.217)
11:04:48 Host identity created.
11:04:48 Game Port: 2302, Steam Query Port: 2303
Arma 3 Console version 1.80.143869 x86 : port 2302
11:04:48 Mission Exile.Esseker read from bank.
11:04:48 Roles assigned.
11:04:48 Reading mission ...
11:04:52 Mission read.
11:04:52 Successfull attempt to execute serverCommand '#exec users' by server.
11:04:52 Successfull attempt to execute serverCommand '#exec users' by server.
11:04:52 Successfull attempt to execute serverCommand '#lock' by server.
11:04:52 Successfull attempt to execute serverCommand '#kick 0' by server.
11:04:52 Successfull attempt to execute serverCommand '#kick 1' by server.
11:04:52 Successfull attempt to execute serverCommand '#kick 2' by server.
11:04:52 Successfull attempt to execute serverCommand '#kick 3' by server.
11:04:52 Successfull attempt to execute serverCommand '#kick 4' by server.
11:04:52 Successfull attempt to execute serverCommand '#kick 5' by server.
11:04:52 Successfull attempt to execute serverCommand '#kick 6' by server.
11:04:52 Successfull attempt to execute serverCommand '#kick 7' by server.
11:04:52 Successfull attempt to execute serverCommand '#kick 8' by server.
11:04:52 Successfull attempt to execute serverCommand '#kick 9' by server.
11:04:52 Successfull attempt to execute serverCommand '#kick 10' by server.
11:04:52 Successfull attempt to execute serverCommand '#kick 11' by server.
11:04:52 Successfull attempt to execute serverCommand '#kick 12' by server.
11:04:52 Successfull attempt to execute serverCommand '#kick 13' by server.
11:04:52 Successfull attempt to execute serverCommand '#kick 14' by server.
11:04:52 Successfull attempt to execute serverCommand '#kick 15' by server.
11:04:52 Successfull attempt to execute serverCommand '#kick 16' by server.
11:04:52 Successfull attempt to execute serverCommand '#kick 17' by server.
11:04:52 Successfull attempt to execute serverCommand '#kick 18' by server.
11:04:52 Successfull attempt to execute serverCommand '#kick 19' by server.
11:04:52 Successfull attempt to execute serverCommand '#kick 20' by server.
11:04:52 Successfull attempt to execute serverCommand '#kick 21' by server.
11:04:52 Successfull attempt to execute serverCommand '#kick 22' by server.
11:04:52 Successfull attempt to execute serverCommand '#kick 23' by server.
11:04:52 Successfull attempt to execute serverCommand '#kick 24' by server.
11:04:52 Successfull attempt to execute serverCommand '#kick 25' by server.
11:04:52 Successfull attempt to execute serverCommand '#kick 26' by server.
11:04:52 Successfull attempt to execute serverCommand '#kick 27' by server.
11:04:52 Successfull attempt to execute serverCommand '#kick 28' by server.
11:04:52 Successfull attempt to execute serverCommand '#kick 29' by server.
11:04:52 Successfull attempt to execute serverCommand '#kick 30' by server.
11:04:52 Successfull attempt to execute serverCommand '#kick 31' by server.
11:04:52 Successfull attempt to execute serverCommand '#kick 32' by server.
11:04:52 Successfull attempt to execute serverCommand '#kick 33' by server.
11:04:52 Successfull attempt to execute serverCommand '#kick 34' by server.
11:04:52 Successfull attempt to execute serverCommand '#kick 35' by server.
11:04:52 Successfull attempt to execute serverCommand '#kick 36' by server.
11:04:52 Successfull attempt to execute serverCommand '#kick 37' by server.
11:04:52 Successfull attempt to execute serverCommand '#kick 38' by server.
11:04:52 Successfull attempt to execute serverCommand '#kick 39' by server.
11:04:52 Successfull attempt to execute serverCommand '#kick 40' by server.
11:04:52 Successfull attempt to execute serverCommand '#kick 41' by server.
11:04:52 Successfull attempt to execute serverCommand '#kick 42' by server.
11:04:52 Successfull attempt to execute serverCommand '#kick 43' by server.
11:04:52 Successfull attempt to execute serverCommand '#kick 44' by server.
11:04:52 Successfull attempt to execute serverCommand '#kick 45' by server.
11:04:52 Successfull attempt to execute serverCommand '#kick 46' by server.
11:04:52 Successfull attempt to execute serverCommand '#kick 47' by server.
11:04:52 Successfull attempt to execute serverCommand '#kick 48' by server.
11:04:52 Successfull attempt to execute serverCommand '#kick 49' by server.
11:04:52 Successfull attempt to execute serverCommand '#kick 50' by server.
11:04:52 Successfull attempt to execute serverCommand '#kick 51' by server.
11:04:52 Successfull attempt to execute serverCommand '#kick 52' by server.
11:04:52 Successfull attempt to execute serverCommand '#kick 53' by server.
11:04:52 Successfull attempt to execute serverCommand '#kick 54' by server.
11:04:52 Successfull attempt to execute serverCommand '#kick 55' by server.
11:04:52 Successfull attempt to execute serverCommand '#kick 56' by server.
11:04:52 Successfull attempt to execute serverCommand '#kick 57' by server.
11:04:52 Successfull attempt to execute serverCommand '#kick 58' by server.
11:04:52 Successfull attempt to execute serverCommand '#kick 59' by server.
11:04:52 Successfull attempt to execute serverCommand '#kick 60' by server.
11:04:52 Successfull attempt to execute serverCommand '#kick 61' by server.
11:04:52 Successfull attempt to execute serverCommand '#kick 62' by server.
11:04:52 Successfull attempt to execute serverCommand '#kick 63' by server.
11:04:52 Successfull attempt to execute serverCommand '#kick 64' by server.
11:04:52 Successfull attempt to execute serverCommand '#kick 65' by server.
11:04:52 Successfull attempt to execute serverCommand '#kick 66' by server.
11:04:52 Successfull attempt to execute serverCommand '#kick 67' by server.
11:04:52 Successfull attempt to execute serverCommand '#kick 68' by server.
11:04:52 Successfull attempt to execute serverCommand '#kick 69' by server.
11:04:52 Successfull attempt to execute serverCommand '#kick 70' by server.
11:04:52 Successfull attempt to execute serverCommand '#kick 71' by server.
11:04:52 Successfull attempt to execute serverCommand '#kick 72' by server.
11:04:52 Successfull attempt to execute serverCommand '#kick 73' by server.
11:04:52 Successfull attempt to execute serverCommand '#kick 74' by server.
11:04:52 Successfull attempt to execute serverCommand '#kick 75' by server.
11:04:52 Successfull attempt to execute serverCommand '#kick 76' by server.
11:04:52 Successfull attempt to execute serverCommand '#kick 77' by server.
11:04:52 Successfull attempt to execute serverCommand '#kick 78' by server.
11:04:52 Successfull attempt to execute serverCommand '#kick 79' by server.
11:04:52 Successfull attempt to execute serverCommand '#kick 80' by server.
11:04:52 Successfull attempt to execute serverCommand '#kick 81' by server.
11:04:52 Successfull attempt to execute serverCommand '#kick 82' by server.
11:04:52 Successfull attempt to execute serverCommand '#kick 83' by server.
11:04:52 Successfull attempt to execute serverCommand '#kick 84' by server.
11:04:52 Successfull attempt to execute serverCommand '#kick 85' by server.
11:04:52 Successfull attempt to execute serverCommand '#kick 86' by server.
11:04:52 Successfull attempt to execute serverCommand '#kick 87' by server.
11:04:52 Successfull attempt to execute serverCommand '#kick 88' by server.
11:04:52 Successfull attempt to execute serverCommand '#kick 89' by server.
11:04:52 Successfull attempt to execute serverCommand '#kick 90' by server.
11:04:52 Successfull attempt to execute serverCommand '#kick 91' by server.
11:04:52 Successfull attempt to execute serverCommand '#kick 92' by server.
11:04:52 Successfull attempt to execute serverCommand '#kick 93' by server.
11:04:52 Successfull attempt to execute serverCommand '#kick 94' by server.
11:04:52 Successfull attempt to execute serverCommand '#kick 95' by server.
11:04:52 Successfull attempt to execute serverCommand '#kick 96' by server.
11:04:52 Successfull attempt to execute serverCommand '#kick 97' by server.
11:04:52 Successfull attempt to execute serverCommand '#kick 98' by server.
11:04:52 Successfull attempt to execute serverCommand '#kick 99' by server.
11:04:52 Game started.
11:04:54 Successfull attempt to execute serverCommand '#unlock' by server.
11:05:24 C4ll_me_Nomad uses modified data file
11:05:24 BattlEye Server: Player #0 C4ll_me_Nomad (217.232.153.84:2304) connected
11:05:24 Player C4ll_me_Nomad connecting.
11:05:24 BattlEye Server: Connected to BE Master
11:05:26 BattlEye Server: Player #0 C4ll_me_Nomad - BE GUID: 745608cbf3a100ddb9c5584c9cb45cd7
11:05:26 Player C4ll_me_Nomad connected (id=76561198060725525).
11:05:26 BattlEye Server: Verified GUID (745608cbf3a100ddb9c5584c9cb45cd7) of player #0 C4ll_me_Nomad
11:16:19 
11:17:05 Dedicated host created.
